Logging to: /home/yusuf/smiles2spec_foundry/spec2smiles_v2/logs/train_part_a_multihead_20251228_213650.log
Using CUDA: NVIDIA GeForce RTX 4090 Laptop GPU
======================================================================
Training Part A (Spectrum -> Descriptors) with Multi-Head Transformer
======================================================================
Dataset:     gnps
Descriptors: 28
Device:      cuda
Epochs:      200
Batch size:  64
LR:          0.0003

Loading preprocessed data splits...

Data split:
  Train: 18739 samples
  Val:   2342 samples
  Test:  2343 samples

Descriptor split (threshold: 10 classes):
  Classification: 3 descriptors
    - fr_phos_ester: 4 classes
    - NumSaturatedCarbocycles: 7 classes
    - NumAromaticRings: 9 classes
  Regression: 25 descriptors

/home/yusuf/.cache/pypoetry/virtualenvs/spec2smiles-pipeline-y8ztjoGQ-py3.11/lib/python3.11/site-packages/torch/nn/modules/transformer.py:392: UserWarning: enable_nested_tensor is True, but self.use_nested_tensor is False because encoder_layer.norm_first was True
  warnings.warn(
Model parameters: 7,547,050

Starting training...
----------------------------------------------------------------------
Epoch 1/200:   0%|          | 0/293 [00:00<?, ?it/s]                                                    Traceback (most recent call last):
  File "/home/yusuf/smiles2spec_foundry/spec2smiles_v2/scripts/train_part_a_multihead.py", line 567, in <module>
    main()
  File "/home/yusuf/smiles2spec_foundry/spec2smiles_v2/scripts/train_part_a_multihead.py", line 370, in main
    class_logits, reg_preds = model(batch_x)
                              ^^^^^^^^^^^^^^
  File "/home/yusuf/.cache/pypoetry/virtualenvs/spec2smiles-pipeline-y8ztjoGQ-py3.11/lib/python3.11/site-packages/torch/nn/modules/module.py", line 1775, in _wrapped_call_impl
    return self._call_impl(*args, **kwargs)
           ^^^^^^^^^^^^^^^^^^^^^^^^^^^^^^^^
  File "/home/yusuf/.cache/pypoetry/virtualenvs/spec2smiles-pipeline-y8ztjoGQ-py3.11/lib/python3.11/site-packages/torch/nn/modules/module.py", line 1786, in _call_impl
    return forward_call(*args, **kwargs)
           ^^^^^^^^^^^^^^^^^^^^^^^^^^^^^
  File "/home/yusuf/smiles2spec_foundry/spec2smiles_v2/src/models/multihead_transformer.py", line 151, in forward
    local_features = self.cnn(spectrum)
                     ^^^^^^^^^^^^^^^^^^
  File "/home/yusuf/.cache/pypoetry/virtualenvs/spec2smiles-pipeline-y8ztjoGQ-py3.11/lib/python3.11/site-packages/torch/nn/modules/module.py", line 1775, in _wrapped_call_impl
    return self._call_impl(*args, **kwargs)
           ^^^^^^^^^^^^^^^^^^^^^^^^^^^^^^^^
  File "/home/yusuf/.cache/pypoetry/virtualenvs/spec2smiles-pipeline-y8ztjoGQ-py3.11/lib/python3.11/site-packages/torch/nn/modules/module.py", line 1786, in _call_impl
    return forward_call(*args, **kwargs)
           ^^^^^^^^^^^^^^^^^^^^^^^^^^^^^
  File "/home/yusuf/smiles2spec_foundry/spec2smiles_v2/src/models/hybrid.py", line 126, in forward
    multi_scale = [conv(x) for conv in self.multi_scale_convs]
                  ^^^^^^^^^^^^^^^^^^^^^^^^^^^^^^^^^^^^^^^^^^^^
  File "/home/yusuf/smiles2spec_foundry/spec2smiles_v2/src/models/hybrid.py", line 126, in <listcomp>
    multi_scale = [conv(x) for conv in self.multi_scale_convs]
                   ^^^^^^^
  File "/home/yusuf/.cache/pypoetry/virtualenvs/spec2smiles-pipeline-y8ztjoGQ-py3.11/lib/python3.11/site-packages/torch/nn/modules/module.py", line 1775, in _wrapped_call_impl
    return self._call_impl(*args, **kwargs)
           ^^^^^^^^^^^^^^^^^^^^^^^^^^^^^^^^
  File "/home/yusuf/.cache/pypoetry/virtualenvs/spec2smiles-pipeline-y8ztjoGQ-py3.11/lib/python3.11/site-packages/torch/nn/modules/module.py", line 1786, in _call_impl
    return forward_call(*args, **kwargs)
           ^^^^^^^^^^^^^^^^^^^^^^^^^^^^^
  File "/home/yusuf/.cache/pypoetry/virtualenvs/spec2smiles-pipeline-y8ztjoGQ-py3.11/lib/python3.11/site-packages/torch/nn/modules/container.py", line 250, in forward
    input = module(input)
            ^^^^^^^^^^^^^
  File "/home/yusuf/.cache/pypoetry/virtualenvs/spec2smiles-pipeline-y8ztjoGQ-py3.11/lib/python3.11/site-packages/torch/nn/modules/module.py", line 1775, in _wrapped_call_impl
    return self._call_impl(*args, **kwargs)
           ^^^^^^^^^^^^^^^^^^^^^^^^^^^^^^^^
  File "/home/yusuf/.cache/pypoetry/virtualenvs/spec2smiles-pipeline-y8ztjoGQ-py3.11/lib/python3.11/site-packages/torch/nn/modules/module.py", line 1786, in _call_impl
    return forward_call(*args, **kwargs)
           ^^^^^^^^^^^^^^^^^^^^^^^^^^^^^
  File "/home/yusuf/.cache/pypoetry/virtualenvs/spec2smiles-pipeline-y8ztjoGQ-py3.11/lib/python3.11/site-packages/torch/nn/modules/activation.py", line 816, in forward
    return F.gelu(input, approximate=self.approximate)
           ^^^^^^^^^^^^^^^^^^^^^^^^^^^^^^^^^^^^^^^^^^^
torch.OutOfMemoryError: CUDA out of memory. Tried to allocate 12.00 MiB. GPU 0 has a total capacity of 15.57 GiB of which 11.50 MiB is free. Process 2177267 has 15.17 GiB memory in use. Including non-PyTorch memory, this process has 382.00 MiB memory in use. Of the allocated memory 97.71 MiB is allocated by PyTorch, and 6.29 MiB is reserved by PyTorch but unallocated. If reserved but unallocated memory is large try setting PYTORCH_CUDA_ALLOC_CONF=expandable_segments:True to avoid fragmentation.  See documentation for Memory Management  (https://pytorch.org/docs/stable/notes/cuda.html#environment-variables)
