Logging to: /home/yusuf/smiles2spec_foundry/spec2smiles_v2/logs/train_part_a_lgbm_20251228_204300.log
============================================================
Training Part A (Spectrum -> Descriptors) with LightGBM
============================================================
Dataset:     gnps
Descriptors: 28
Workers:     32

Loading preprocessed data splits...

Data split:
  Train: 18739 samples
  Val:   2342 samples
  Test:  2343 samples

Training 28 LightGBM models...
  Discrete (classification): 8
  Bounded (regression+clip): 2
  Continuous (regression):   18

Training LightGBM (8 workers):   0%|          | 0/28 [00:00<?, ?it/s]/home/yusuf/.cache/pypoetry/virtualenvs/spec2smiles-pipeline-y8ztjoGQ-py3.11/lib/python3.11/site-packages/lightgbm/basic.py:743: UserWarning: Usage of np.ndarray subset (sliced data) is not recommended due to it will double the peak memory cost in LightGBM.
  _log_warning(
/home/yusuf/.cache/pypoetry/virtualenvs/spec2smiles-pipeline-y8ztjoGQ-py3.11/lib/python3.11/site-packages/lightgbm/basic.py:743: UserWarning: Usage of np.ndarray subset (sliced data) is not recommended due to it will double the peak memory cost in LightGBM.
  _log_warning(
/home/yusuf/.cache/pypoetry/virtualenvs/spec2smiles-pipeline-y8ztjoGQ-py3.11/lib/python3.11/site-packages/lightgbm/basic.py:743: UserWarning: Usage of np.ndarray subset (sliced data) is not recommended due to it will double the peak memory cost in LightGBM.
  _log_warning(
/home/yusuf/.cache/pypoetry/virtualenvs/spec2smiles-pipeline-y8ztjoGQ-py3.11/lib/python3.11/site-packages/lightgbm/basic.py:743: UserWarning: Usage of np.ndarray subset (sliced data) is not recommended due to it will double the peak memory cost in LightGBM.
  _log_warning(
/home/yusuf/.cache/pypoetry/virtualenvs/spec2smiles-pipeline-y8ztjoGQ-py3.11/lib/python3.11/site-packages/lightgbm/basic.py:743: UserWarning: Usage of np.ndarray subset (sliced data) is not recommended due to it will double the peak memory cost in LightGBM.
  _log_warning(
Training LightGBM (8 workers):   4%|3         | 1/28 [00:23<10:22, 23.07s/it]/home/yusuf/.cache/pypoetry/virtualenvs/spec2smiles-pipeline-y8ztjoGQ-py3.11/lib/python3.11/site-packages/lightgbm/basic.py:743: UserWarning: Usage of np.ndarray subset (sliced data) is not recommended due to it will double the peak memory cost in LightGBM.
  _log_warning(
/home/yusuf/.cache/pypoetry/virtualenvs/spec2smiles-pipeline-y8ztjoGQ-py3.11/lib/python3.11/site-packages/lightgbm/basic.py:743: UserWarning: Usage of np.ndarray subset (sliced data) is not recommended due to it will double the peak memory cost in LightGBM.
  _log_warning(
Training LightGBM (8 workers):   7%|7         | 2/28 [00:59<13:26, 31.03s/it]/home/yusuf/.cache/pypoetry/virtualenvs/spec2smiles-pipeline-y8ztjoGQ-py3.11/lib/python3.11/site-packages/lightgbm/basic.py:743: UserWarning: Usage of np.ndarray subset (sliced data) is not recommended due to it will double the peak memory cost in LightGBM.
  _log_warning(
/home/yusuf/.cache/pypoetry/virtualenvs/spec2smiles-pipeline-y8ztjoGQ-py3.11/lib/python3.11/site-packages/lightgbm/basic.py:743: UserWarning: Usage of np.ndarray subset (sliced data) is not recommended due to it will double the peak memory cost in LightGBM.
  _log_warning(
/home/yusuf/.cache/pypoetry/virtualenvs/spec2smiles-pipeline-y8ztjoGQ-py3.11/lib/python3.11/site-packages/lightgbm/basic.py:743: UserWarning: Usage of np.ndarray subset (sliced data) is not recommended due to it will double the peak memory cost in LightGBM.
  _log_warning(
/home/yusuf/.cache/pypoetry/virtualenvs/spec2smiles-pipeline-y8ztjoGQ-py3.11/lib/python3.11/site-packages/lightgbm/basic.py:743: UserWarning: Usage of np.ndarray subset (sliced data) is not recommended due to it will double the peak memory cost in LightGBM.
  _log_warning(
/home/yusuf/.cache/pypoetry/virtualenvs/spec2smiles-pipeline-y8ztjoGQ-py3.11/lib/python3.11/site-packages/lightgbm/basic.py:743: UserWarning: Usage of np.ndarray subset (sliced data) is not recommended due to it will double the peak memory cost in LightGBM.
  _log_warning(
/home/yusuf/.cache/pypoetry/virtualenvs/spec2smiles-pipeline-y8ztjoGQ-py3.11/lib/python3.11/site-packages/lightgbm/basic.py:743: UserWarning: Usage of np.ndarray subset (sliced data) is not recommended due to it will double the peak memory cost in LightGBM.
  _log_warning(
/home/yusuf/.cache/pypoetry/virtualenvs/spec2smiles-pipeline-y8ztjoGQ-py3.11/lib/python3.11/site-packages/lightgbm/basic.py:743: UserWarning: Usage of np.ndarray subset (sliced data) is not recommended due to it will double the peak memory cost in LightGBM.
  _log_warning(
/home/yusuf/.cache/pypoetry/virtualenvs/spec2smiles-pipeline-y8ztjoGQ-py3.11/lib/python3.11/site-packages/lightgbm/basic.py:743: UserWarning: Usage of np.ndarray subset (sliced data) is not recommended due to it will double the peak memory cost in LightGBM.
  _log_warning(
Training LightGBM (8 workers):  14%|#4        | 4/28 [02:40<17:13, 43.05s/it]/home/yusuf/.cache/pypoetry/virtualenvs/spec2smiles-pipeline-y8ztjoGQ-py3.11/lib/python3.11/site-packages/lightgbm/basic.py:743: UserWarning: Usage of np.ndarray subset (sliced data) is not recommended due to it will double the peak memory cost in LightGBM.
  _log_warning(
/home/yusuf/.cache/pypoetry/virtualenvs/spec2smiles-pipeline-y8ztjoGQ-py3.11/lib/python3.11/site-packages/lightgbm/basic.py:743: UserWarning: Usage of np.ndarray subset (sliced data) is not recommended due to it will double the peak memory cost in LightGBM.
  _log_warning(
Training LightGBM (8 workers):  39%|###9      | 11/28 [02:59<03:32, 12.51s/it]/home/yusuf/.cache/pypoetry/virtualenvs/spec2smiles-pipeline-y8ztjoGQ-py3.11/lib/python3.11/site-packages/lightgbm/basic.py:743: UserWarning: Usage of np.ndarray subset (sliced data) is not recommended due to it will double the peak memory cost in LightGBM.
  _log_warning(
/home/yusuf/.cache/pypoetry/virtualenvs/spec2smiles-pipeline-y8ztjoGQ-py3.11/lib/python3.11/site-packages/lightgbm/basic.py:743: UserWarning: Usage of np.ndarray subset (sliced data) is not recommended due to it will double the peak memory cost in LightGBM.
  _log_warning(
/home/yusuf/.cache/pypoetry/virtualenvs/spec2smiles-pipeline-y8ztjoGQ-py3.11/lib/python3.11/site-packages/lightgbm/basic.py:743: UserWarning: Usage of np.ndarray subset (sliced data) is not recommended due to it will double the peak memory cost in LightGBM.
  _log_warning(
Training LightGBM (8 workers):  57%|#####7    | 16/28 [03:26<01:53,  9.45s/it]Training LightGBM (8 workers):  79%|#######8  | 22/28 [03:38<00:37,  6.23s/it]Training LightGBM (8 workers):  86%|########5 | 24/28 [05:02<00:49, 12.27s/it]Training LightGBM (8 workers): 100%|##########| 28/28 [05:02<00:00, 10.80s/it]

======================================================================
DISCRETE DESCRIPTORS (Classification) - sorted by Accuracy
======================================================================
Rank  Descriptor                          Acc      MAE  Classes
----------------------------------------------------------------------
1     fr_phos_ester                     0.989    0.013        4 🟢
2     NumSaturatedCarbocycles           0.835    0.339        7 🟢
3     NumSaturatedRings                 0.620    0.750       12 🟡
4     NumAromaticRings                  0.586    0.654        9 🟠
5     RingCount                         0.528    0.847       13 🟠
6     fr_ether                          0.482    1.217       21 🟠
7     fr_Al_OH                          0.479    1.913       43 🟠
8     NumAtomStereoCenters              0.413    2.990       65 🟠
----------------------------------------------------------------------
Mean Accuracy:   0.6165
Median Accuracy: 0.5568
Acc >= 0.8: 2 descriptors
Acc >= 0.9: 1 descriptors

======================================================================
CONTINUOUS DESCRIPTORS (Regression) - sorted by R²
======================================================================
Rank  Descriptor                             R²        MAE       Type
----------------------------------------------------------------------
1     Chi3n                              0.7183     1.3746 continuous 🟢
2     Chi2n                              0.7141     1.6622 continuous 🟢
3     SMR_VSA1                           0.6724     9.3602 continuous 🟡
4     SMR_VSA4                           0.6676     6.2729 continuous 🟡
5     SMR_VSA5                           0.6564    20.8535 continuous 🟡
6     EState_VSA10                       0.6558     6.9309 continuous 🟡
7     PEOE_VSA7                          0.6299    13.1708 continuous 🟡
8     VSA_EState3                        0.6178    12.6938 continuous 🟡
9     PEOE_VSA10                         0.6152     8.9596 continuous 🟡
10    SPS                                0.6148     6.6009 continuous 🟡
11    SMR_VSA3                           0.5978     3.4124 continuous 🟡
12    qed                                0.5949     0.1179    bounded 🟡
13    SlogP_VSA5                         0.5931    16.0008 continuous 🟡
14    AvgIpc                             0.5908     0.2084 continuous 🟡
15    FractionCSP3                       0.5878     0.1305    bounded 🟡
16    SlogP_VSA3                         0.5873     6.6313 continuous 🟡
17    Kappa2                             0.5599     2.5658 continuous 🟡
18    SlogP_VSA11                        0.5513     4.5745 continuous 🟡
19    VSA_EState2                        0.5506    10.4173 continuous 🟡
20    HallKierAlpha                      0.5499     0.6198 continuous 🟡
----------------------------------------------------------------------
Mean R²:   0.6163
Median R²: 0.6063
R² >= 0.7: 2 descriptors
R² >= 0.8: 0 descriptors

======================================================================
OVERALL SUMMARY
======================================================================
Total descriptors:   28
  Discrete:          8 (classification)
  Continuous:        20 (regression)
Mean accuracy (discrete): 0.6165
Mean R² (continuous):     0.6163

Generating test predictions for visualization...
  Saved test predictions: (2343, 28)

Models saved to data/output/models/part_a_lgbm
Metrics saved to data/output/metrics/part_a_lgbm_metrics.json

Done!
